// Jest Snapshot v1, https://goo.gl/fbAQLP

exports[`example sagas should have the expected watchers 1`] = `
Object {
  "fork": Array [
    Object {
      "@@redux-saga/IO": true,
      "combinator": false,
      "payload": Object {
        "args": Array [
          "EXAMPLE_GET",
          "@@redux-saga-test-plan/json/function/getExamples",
        ],
        "context": null,
        "fn": "@@redux-saga-test-plan/json/function/takeLatest",
      },
      "type": "FORK",
    },
    Object {
      "@@redux-saga/IO": true,
      "combinator": false,
      "payload": Object {
        "args": Array [
          "EXAMPLE_GET_ONE",
          "@@redux-saga-test-plan/json/function/getExampleById",
        ],
        "context": null,
        "fn": "@@redux-saga-test-plan/json/function/takeLatest",
      },
      "type": "FORK",
    },
  ],
  "take": Array [
    Object {
      "@@redux-saga/IO": true,
      "combinator": false,
      "payload": Object {
        "pattern": "EXAMPLE_GET",
      },
      "type": "TAKE",
    },
    Object {
      "@@redux-saga/IO": true,
      "combinator": false,
      "payload": Object {
        "pattern": "EXAMPLE_GET_ONE",
      },
      "type": "TAKE",
    },
  ],
}
`;
