// Jest Snapshot v1, https://goo.gl/fbAQLP

exports[`should render HomePage 1`] = `
<body>
  <div>
    <div
      data-testid="home"
    >
      <button
        class="ant-btn"
        data-testid="btn-login"
        type="button"
      >
        <span>
          Log In
        </span>
      </button>
      <div>
        Loading Example...
      </div>
    </div>
  </div>
</body>
`;
