// Jest Snapshot v1, https://goo.gl/fbAQLP

exports[`should render example component 1`] = `
<div
  data-testid="div"
>
  hello example!
  <table>
    <tbody>
      <tr>
        <th>
          id
        </th>
        <th>
          title
        </th>
        <th>
          Body
        </th>
      </tr>
      <tr
        class="data"
      >
        <td>
          1
        </td>
        <td>
          title
        </td>
        <td />
      </tr>
    </tbody>
  </table>
  <button
    class="ant-btn"
    type="button"
  >
    <span>
      Click here!
    </span>
  </button>
</div>
`;
